--------- beginning of main
--------- beginning of system
---------------------------- PROCESS STARTED (23726) for package com.example.screensaver ----------------------------
2025-02-18 18:47:27.214 23726-23726 ApplicationLoaders      com.example.screensaver              D  Returning zygote-cached class loader: /system_ext/framework/androidx.window.extensions.jar
2025-02-18 18:47:27.214 23726-23726 ApplicationLoaders      com.example.screensaver              D  Returning zygote-cached class loader: /system_ext/framework/androidx.window.sidecar.jar
2025-02-18 18:47:27.215 23726-23726 ziparchive              com.example.screensaver              W  Unable to open '/data/app/~~V83QjWF1puVOBaYjB10SJQ==/com.example.screensaver-dNVI53nmkR90xcf9IHocyQ==/base.dm': No such file or directory
2025-02-18 18:47:27.215 23726-23726 ziparchive              com.example.screensaver              W  Unable to open '/data/app/~~V83QjWF1puVOBaYjB10SJQ==/com.example.screensaver-dNVI53nmkR90xcf9IHocyQ==/base.dm': No such file or directory
2025-02-18 18:47:27.781 23726-23726 nativeloader            com.example.screensaver              D  Configuring clns-7 for other apk /data/app/~~V83QjWF1puVOBaYjB10SJQ==/com.example.screensaver-dNVI53nmkR90xcf9IHocyQ==/base.apk. target_sdk_version=34, uses_libraries=, library_path=/data/app/~~V83QjWF1puVOBaYjB10SJQ==/com.example.screensaver-dNVI53nmkR90xcf9IHocyQ==/lib/arm64, permitted_path=/data:/mnt/expand:/data/user/0/com.example.screensaver
2025-02-18 18:47:27.791 23726-23726 GraphicsEnvironment     com.example.screensaver              V  Currently set values for:
2025-02-18 18:47:27.792 23726-23726 GraphicsEnvironment     com.example.screensaver              V    angle_gl_driver_selection_pkgs=[com.android.angle, com.linecorp.b612.android, com.campmobile.snow, com.google.android.apps.tachyon]
2025-02-18 18:47:27.792 23726-23726 GraphicsEnvironment     com.example.screensaver              V    angle_gl_driver_selection_values=[angle, native, native, native]
2025-02-18 18:47:27.792 23726-23726 GraphicsEnvironment     com.example.screensaver              V  com.example.screensaver is not listed in per-application setting
2025-02-18 18:47:27.793 23726-23726 GraphicsEnvironment     com.example.screensaver              V  App is not on the allowlist for updatable production driver.
2025-02-18 18:47:27.796 23726-23850 ActivityThread          com.example.screensaver              I  TrafficStats init done
2025-02-18 18:47:27.802 23726-23726 ActivityThread          com.example.screensaver              D  useGrowthLimitOutExpendMethod invoke error.
2025-02-18 18:47:27.805 23726-23850 ForceDarkHelperStubImpl com.example.screensaver              I  initialize for com.example.screensaver , ForceDarkOrigin
2025-02-18 18:47:27.809 23726-23850 nativeloader            com.example.screensaver              D  Load libforcedarkimpl.so using system ns (caller=/system_ext/framework/miui-framework.jar): ok
2025-02-18 18:47:27.810 23726-23850 HWUI                    com.example.screensaver              D  JNI_OnLoad success
2025-02-18 18:47:27.810 23726-23850 MiuiForceDarkConfig     com.example.screensaver              I  setConfig density:3.000000, mainRule:0, secondaryRule:0, tertiaryRule:0
2025-02-18 18:47:27.816 23726-23850 ActivityThread          com.example.screensaver              I  Miui Feature Init done
2025-02-18 18:47:27.850 23726-23726 SessionsDependencies    com.example.screensaver              D  Dependency to CRASHLYTICS added.
2025-02-18 18:47:27.855 23726-23726 FirebaseApp             com.example.screensaver              I  Device unlocked: initializing all Firebase APIs for app [DEFAULT]
2025-02-18 18:47:27.900 23726-23960 ple.screensaver         com.example.screensaver              W  ClassLoaderContext classpath size mismatch. expected=1, found=0 (DLC[];PCL[base.apk*475301646]{PCL[/system/framework/org.apache.http.legacy.jar*4025584831]#PCL[/system/framework/com.android.media.remotedisplay.jar*2042759013]#PCL[/system/framework/com.android.location.provider.jar*3414091812]#PCL[/system_ext/framework/androidx.window.extensions.jar*1543778587]#PCL[/system_ext/framework/androidx.window.sidecar.jar*150681844]} | DLC[];PCL[])
2025-02-18 18:47:27.902 23726-23960 DynamiteModule          com.example.screensaver              I  Considering local module com.google.android.gms.measurement.dynamite:97 and remote module com.google.android.gms.measurement.dynamite:138
2025-02-18 18:47:27.902 23726-23960 DynamiteModule          com.example.screensaver              I  Selected remote version of com.google.android.gms.measurement.dynamite, version >= 138
2025-02-18 18:47:27.902 23726-23960 DynamiteModule          com.example.screensaver              V  Dynamite loader version >= 2, using loadModule2NoCrashUtils
2025-02-18 18:47:27.919 23726-23960 System                  com.example.screensaver              W  ClassLoader referenced unknown path: 
2025-02-18 18:47:27.920 23726-23960 nativeloader            com.example.screensaver              D  Configuring clns-8 for other apk . target_sdk_version=35, uses_libraries=, library_path=/data/app/~~v9t-IHWAwdSH9zi2iCaq-w==/com.google.android.gms-P6-Uer108JDISlMfTb3TZg==/lib/arm64:/data/app/~~v9t-IHWAwdSH9zi2iCaq-w==/com.google.android.gms-P6-Uer108JDISlMfTb3TZg==/base.apk!/lib/arm64-v8a, permitted_path=/data:/mnt/expand:/data/user/0/com.google.android.gms
2025-02-18 18:47:27.927 23726-23726 FirebaseSessions        com.example.screensaver              D  Initializing Firebase Sessions SDK.
2025-02-18 18:47:27.930 23726-23960 ple.screensaver         com.example.screensaver              W  ClassLoaderContext classpath element checksum mismatch. expected=475301646, found=743768856 (DLC[];PCL[base.apk*475301646]{PCL[/system/framework/org.apache.http.legacy.jar*4025584831]#PCL[/system/framework/com.android.media.remotedisplay.jar*2042759013]#PCL[/system/framework/com.android.location.provider.jar*3414091812]#PCL[/system_ext/framework/androidx.window.extensions.jar*1543778587]#PCL[/system_ext/framework/androidx.window.sidecar.jar*150681844]} | DLC[];PCL[/data/app/~~V83QjWF1puVOBaYjB10SJQ==/com.example.screensaver-dNVI53nmkR90xcf9IHocyQ==/base.apk*743768856]{PCL[/system_ext/framework/androidx.window.extensions.jar*1543778587]#PCL[/system_ext/framework/androidx.window.sidecar.jar*150681844]})
2025-02-18 18:47:27.931 23726-23726 FirebaseCrashlytics     com.example.screensaver              I  Initializing Firebase Crashlytics 18.6.0 for com.example.screensaver
2025-02-18 18:47:27.945 23726-23726 SessionsDependencies    com.example.screensaver              D  Subscriber CRASHLYTICS registered.
2025-02-18 18:47:27.958 23726-23965 CompatChangeReporter    com.example.screensaver              D  Compat change id reported: 247079863; UID 10865; state: ENABLED
2025-02-18 18:47:27.959 23726-23965 SessionConfigFetcher    com.example.screensaver              D  Fetching settings from server.
2025-02-18 18:47:27.975 23726-23994 SessionConfigFetcher    com.example.screensaver              E  Error failing to fetch the remote configs: Unable to resolve host "firebase-settings.crashlytics.com": No address associated with hostname
2025-02-18 18:47:27.976 23726-23974 FirebaseCrashlytics     com.example.screensaver              E  Settings request failed.
2025-02-18 18:47:27.979 23726-23726 FirebaseInitProvider    com.example.screensaver              I  FirebaseApp initialization successful
2025-02-18 18:47:27.981 23726-23973 LifecycleServiceBinder  com.example.screensaver              D  Binding service to application.
2025-02-18 18:47:27.984 23726-23983 ple.screensaver         com.example.screensaver              E  No package ID 76 found for resource ID 0x760b000f.
2025-02-18 18:47:27.984 23726-23983 ple.screensaver         com.example.screensaver              E  No package ID 76 found for resource ID 0x760b000f.
2025-02-18 18:47:27.985 23726-23983 FA                      com.example.screensaver              I  App measurement initialized, version: 116010
2025-02-18 18:47:27.985 23726-23983 FA                      com.example.screensaver              I  To enable debug logging run: adb shell setprop log.tag.FA VERBOSE
2025-02-18 18:47:27.985 23726-23983 FA                      com.example.screensaver              I  To enable faster debug mode event logging run:
                                                                                                      adb shell setprop debug.firebase.analytics.app com.example.screensaver
2025-02-18 18:47:28.000 23726-23726 WM-WrkMgrInitializer    com.example.screensaver              D  Initializing WorkManager with default configuration.
2025-02-18 18:47:28.023 23726-23726 MbrainDebugManagerImpl  com.example.screensaver              D  getService failed
2025-02-18 18:47:28.034 23726-23726 AppPreferences          com.example.screensaver              D  Getting string preference for key: transition_animation, default: fade
2025-02-18 18:47:28.034 23726-23726 AppPreferences          com.example.screensaver              D  Retrieved value: fade
2025-02-18 18:47:28.109 23726-23972 FirebaseCrashlytics     com.example.screensaver              I  No version control information found
2025-02-18 18:47:28.202 23726-23726 CompatChangeReporter    com.example.screensaver              D  Compat change id reported: 3400644; UID 10865; state: ENABLED
2025-02-18 18:47:28.204 23726-23726 ScreensaverApplication  com.example.screensaver              I  Application started: v1.0 (1)
2025-02-18 18:47:28.213 23726-23726 libc                    com.example.screensaver              W  Access denied finding property "ro.vendor.perf.scroll_opt"
2025-02-18 18:47:28.222 23726-23726 nativeloader            com.example.screensaver              D  Load libpowerhalwrap_jni.so using system ns (caller=/system_ext/framework/mediatek-framework.jar): ok
2025-02-18 18:47:28.223 23726-23726 PowerHalWrapper         com.example.screensaver              I  PowerHalWrapper.getInstance 
2025-02-18 18:47:28.225 23726-23726 M-ProMotion             com.example.screensaver              I  M-ProMotion is disabled
2025-02-18 18:47:28.236 23726-23726 UnionPowerNotifier      com.example.screensaver              D  check_union_power_ioctl -1
2025-02-18 18:47:28.240 23726-23726 BootReceiver            com.example.screensaver              D  Boot completed, initializing app state
2025-02-18 18:47:28.249 23726-23726 BootReceiver            com.example.screensaver              I  App state initialized successfully after boot
2025-02-18 18:47:28.265 23726-24044 GooglePhotosManager     com.example.screensaver              D  Executor terminated normally
2025-02-18 18:47:28.285 23726-24044 SecureStorage           com.example.screensaver              D  Google credentials cleared successfully
2025-02-18 18:47:28.333 23726-23726 PhotoSourceState        com.example.screensaver              D  Preview ended
2025-02-18 18:47:28.334 23726-23726 Screensave...ourceState com.example.screensaver              D  Screensaver ready state: false
2025-02-18 18:47:28.346 23726-23726 SessionLifecycleService com.example.screensaver              D  Service bound to new client on process 23726
2025-02-18 18:47:28.351 23726-24053 SessionLifecycleService com.example.screensaver              D  App has not yet foregrounded. Using previously stored session: null
2025-02-18 18:47:28.354 23726-24053 SessionLifecycleService com.example.screensaver              D  Client android.os.Messenger@b68e3fd bound at 128963316. Clients: 1
2025-02-18 18:47:28.369 23726-23726 ChargingReceiver        com.example.screensaver              I  Received action: android.intent.action.BOOT_COMPLETED
2025-02-18 18:47:28.370 23726-24044 AppDataManager          com.example.screensaver              D  Initial state validation completed
2025-02-18 18:47:28.393 23726-24050 CompatChangeReporter    com.example.screensaver              D  Compat change id reported: 253665015; UID 10865; state: ENABLED
2025-02-18 18:47:28.400 23726-23726 ChargingReceiver        com.example.screensaver              I  Receiver triggered:
                                                                                                    Action: android.intent.action.BOOT_COMPLETED
                                                                                                    Start on charge enabled: false
                                                                                                    All preferences: {}
                                                                                                    System time: 1739897248371
2025-02-18 18:47:28.400 23726-23726 ChargingReceiver        com.example.screensaver              I  Start on charge is disabled, ignoring event
2025-02-18 18:47:28.438 23726-23726 SessionLifecycleClient  com.example.screensaver              D  Connected to SessionLifecycleService. Queue size 0
2025-02-18 18:47:28.440 23726-23973 SessionLifecycleClient  com.example.screensaver              D  Data Collection is disabled for all subscribers. Skipping this Event
2025-02-18 18:47:28.440 23726-24045 AppDataMan...mFullReset com.example.screensaver              D  Full data reset completed
2025-02-18 18:47:28.471 23726-24007 CompatChangeReporter    com.example.screensaver              D  Compat change id reported: 263076149; UID 10865; state: ENABLED
2025-02-18 18:47:28.495 23726-24005 WM-WorkerWrapper        com.example.screensaver              I  Worker result SUCCESS for Work [ id=4d07cc6a-9ef8-4396-b5bb-d4b1e8ac6c29, tags={ com.example.screensaver.work.CacheCleanupWorker } ]
2025-02-18 18:47:28.540 23726-24005 WM-WorkerWrapper        com.example.screensaver              I  Worker result SUCCESS for Work [ id=fbbeaa10-0f74-4015-9001-368c841d332f, tags={ com.example.screensaver.work.PhotoRefreshWorker } ]
2025-02-18 18:47:29.090 23726-23726 Process                 com.example.screensaver              I  Process is going to kill itself!
                                                                                                    java.lang.Exception
                                                                                                    	at android.os.Process.killProcess(Process.java:1457)
                                                                                                    	at android.app.ActivityThread$H.handleMessage(ActivityThread.java:2754)
                                                                                                    	at android.os.Handler.dispatchMessage(Handler.java:107)
                                                                                                    	at android.os.Looper.loopOnce(Looper.java:249)
                                                                                                    	at android.os.Looper.loop(Looper.java:337)
                                                                                                    	at android.app.ActivityThread.main(ActivityThread.java:9334)
                                                                                                    	at java.lang.reflect.Method.invoke(Native Method)
                                                                                                    	at com.android.internal.os.RuntimeInit$MethodAndArgsCaller.run(RuntimeInit.java:614)
                                                                                                    	at com.android.internal.os.ZygoteInit.main(ZygoteInit.java:1004)
2025-02-18 18:47:29.090 23726-23726 Process                 com.example.screensaver              I  Sending signal. PID: 23726 SIG: 9
---------------------------- PROCESS ENDED (23726) for package com.example.screensaver ----------------------------
---------------------------- PROCESS STARTED (13654) for package com.example.screensaver ----------------------------
2025-02-18 18:47:29.944 13654-13654 CompatChangeReporter    com.example.screensaver              D  Compat change id reported: 242716250; UID 10865; state: ENABLED
2025-02-18 18:47:29.970 13654-24380 AppScoutStateMachine    com.example.screensaver              D  13654-ScoutStateMachinecreated
2025-02-18 18:47:29.980 13654-13654 ApplicationLoaders      com.example.screensaver              D  Returning zygote-cached class loader: /system_ext/framework/androidx.window.extensions.jar
2025-02-18 18:47:29.980 13654-13654 ApplicationLoaders      com.example.screensaver              D  Returning zygote-cached class loader: /system_ext/framework/androidx.window.sidecar.jar
2025-02-18 18:47:29.981 13654-13654 ziparchive              com.example.screensaver              W  Unable to open '/data/app/~~V83QjWF1puVOBaYjB10SJQ==/com.example.screensaver-dNVI53nmkR90xcf9IHocyQ==/base.dm': No such file or directory
2025-02-18 18:47:29.981 13654-13654 ziparchive              com.example.screensaver              W  Unable to open '/data/app/~~V83QjWF1puVOBaYjB10SJQ==/com.example.screensaver-dNVI53nmkR90xcf9IHocyQ==/base.dm': No such file or directory
2025-02-18 18:47:30.653 13654-13654 nativeloader            com.example.screensaver              D  Configuring clns-7 for other apk /data/app/~~V83QjWF1puVOBaYjB10SJQ==/com.example.screensaver-dNVI53nmkR90xcf9IHocyQ==/base.apk. target_sdk_version=34, uses_libraries=, library_path=/data/app/~~V83QjWF1puVOBaYjB10SJQ==/com.example.screensaver-dNVI53nmkR90xcf9IHocyQ==/lib/arm64, permitted_path=/data:/mnt/expand:/data/user/0/com.example.screensaver
2025-02-18 18:47:30.661 13654-13654 GraphicsEnvironment     com.example.screensaver              V  Currently set values for:
2025-02-18 18:47:30.661 13654-13654 GraphicsEnvironment     com.example.screensaver              V    angle_gl_driver_selection_pkgs=[com.android.angle, com.linecorp.b612.android, com.campmobile.snow, com.google.android.apps.tachyon]
2025-02-18 18:47:30.661 13654-13654 GraphicsEnvironment     com.example.screensaver              V    angle_gl_driver_selection_values=[angle, native, native, native]
2025-02-18 18:47:30.661 13654-13654 GraphicsEnvironment     com.example.screensaver              V  com.example.screensaver is not listed in per-application setting
2025-02-18 18:47:30.661 13654-13654 GraphicsEnvironment     com.example.screensaver              V  App is not on the allowlist for updatable production driver.
2025-02-18 18:47:30.662 13654-24396 ActivityThread          com.example.screensaver              I  TrafficStats init done
2025-02-18 18:47:30.668 13654-13654 ActivityThread          com.example.screensaver              D  useGrowthLimitOutExpendMethod invoke error.
2025-02-18 18:47:30.669 13654-24396 ForceDarkHelperStubImpl com.example.screensaver              I  initialize for com.example.screensaver , ForceDarkOrigin
2025-02-18 18:47:30.671 13654-24396 nativeloader            com.example.screensaver              D  Load libforcedarkimpl.so using system ns (caller=/system_ext/framework/miui-framework.jar): ok
2025-02-18 18:47:30.671 13654-24396 HWUI                    com.example.screensaver              D  JNI_OnLoad success
2025-02-18 18:47:30.671 13654-24396 MiuiForceDarkConfig     com.example.screensaver              I  setConfig density:3.000000, mainRule:0, secondaryRule:0, tertiaryRule:0
2025-02-18 18:47:30.672 13654-24396 ActivityThread          com.example.screensaver              I  Miui Feature Init done
2025-02-18 18:47:30.707 13654-13654 SessionsDependencies    com.example.screensaver              D  Dependency to CRASHLYTICS added.
2025-02-18 18:47:30.709 13654-13654 FirebaseApp             com.example.screensaver              I  Device unlocked: initializing all Firebase APIs for app [DEFAULT]
2025-02-18 18:47:30.725 13654-13654 FirebaseCrashlytics     com.example.screensaver              I  Initializing Firebase Crashlytics 18.6.0 for com.example.screensaver
2025-02-18 18:47:30.737 13654-13654 SessionsDependencies    com.example.screensaver              D  Subscriber CRASHLYTICS registered.
2025-02-18 18:47:30.754 13654-24478 ple.screensaver         com.example.screensaver              W  ClassLoaderContext classpath size mismatch. expected=1, found=0 (DLC[];PCL[base.apk*475301646]{PCL[/system/framework/org.apache.http.legacy.jar*4025584831]#PCL[/system/framework/com.android.media.remotedisplay.jar*2042759013]#PCL[/system/framework/com.android.location.provider.jar*3414091812]#PCL[/system_ext/framework/androidx.window.extensions.jar*1543778587]#PCL[/system_ext/framework/androidx.window.sidecar.jar*150681844]} | DLC[];PCL[])
2025-02-18 18:47:30.756 13654-24478 DynamiteModule          com.example.screensaver              I  Considering local module com.google.android.gms.measurement.dynamite:97 and remote module com.google.android.gms.measurement.dynamite:138
2025-02-18 18:47:30.756 13654-24478 DynamiteModule          com.example.screensaver              I  Selected remote version of com.google.android.gms.measurement.dynamite, version >= 138
2025-02-18 18:47:30.756 13654-24478 DynamiteModule          com.example.screensaver              V  Dynamite loader version >= 2, using loadModule2NoCrashUtils
2025-02-18 18:47:30.761 13654-13654 CompatChangeReporter    com.example.screensaver              D  Compat change id reported: 247079863; UID 10865; state: ENABLED
2025-02-18 18:47:30.765 13654-24478 System                  com.example.screensaver              W  ClassLoader referenced unknown path: 
2025-02-18 18:47:30.767 13654-24478 nativeloader            com.example.screensaver              D  Configuring clns-8 for other apk . target_sdk_version=35, uses_libraries=, library_path=/data/app/~~v9t-IHWAwdSH9zi2iCaq-w==/com.google.android.gms-P6-Uer108JDISlMfTb3TZg==/lib/arm64:/data/app/~~v9t-IHWAwdSH9zi2iCaq-w==/com.google.android.gms-P6-Uer108JDISlMfTb3TZg==/base.apk!/lib/arm64-v8a, permitted_path=/data:/mnt/expand:/data/user/0/com.google.android.gms
2025-02-18 18:47:30.777 13654-24478 ple.screensaver         com.example.screensaver              W  ClassLoaderContext classpath element checksum mismatch. expected=475301646, found=743768856 (DLC[];PCL[base.apk*475301646]{PCL[/system/framework/org.apache.http.legacy.jar*4025584831]#PCL[/system/framework/com.android.media.remotedisplay.jar*2042759013]#PCL[/system/framework/com.android.location.provider.jar*3414091812]#PCL[/system_ext/framework/androidx.window.extensions.jar*1543778587]#PCL[/system_ext/framework/androidx.window.sidecar.jar*150681844]} | DLC[];PCL[/data/app/~~V83QjWF1puVOBaYjB10SJQ==/com.example.screensaver-dNVI53nmkR90xcf9IHocyQ==/base.apk*743768856]{PCL[/system_ext/framework/androidx.window.extensions.jar*1543778587]#PCL[/system_ext/framework/androidx.window.sidecar.jar*150681844]})
2025-02-18 18:47:30.827 13654-24492 ple.screensaver         com.example.screensaver              E  No package ID 76 found for resource ID 0x760b000f.
2025-02-18 18:47:30.827 13654-24492 ple.screensaver         com.example.screensaver              E  No package ID 76 found for resource ID 0x760b000f.
2025-02-18 18:47:30.828 13654-24492 FA                      com.example.screensaver              I  App measurement initialized, version: 116010
2025-02-18 18:47:30.828 13654-24492 FA                      com.example.screensaver              I  To enable debug logging run: adb shell setprop log.tag.FA VERBOSE
2025-02-18 18:47:30.828 13654-24492 FA                      com.example.screensaver              I  To enable faster debug mode event logging run:
                                                                                                      adb shell setprop debug.firebase.analytics.app com.example.screensaver
2025-02-18 18:47:30.839 13654-13654 FirebaseSessions        com.example.screensaver              D  Initializing Firebase Sessions SDK.
2025-02-18 18:47:30.841 13654-13654 FirebaseInitProvider    com.example.screensaver              I  FirebaseApp initialization successful
2025-02-18 18:47:30.851 13654-13654 WM-WrkMgrInitializer    com.example.screensaver              D  Initializing WorkManager with default configuration.
2025-02-18 18:47:30.855 13654-24500 SessionConfigFetcher    com.example.screensaver              D  Fetching settings from server.
2025-02-18 18:47:30.870 13654-13654 MbrainDebugManagerImpl  com.example.screensaver              D  getService failed
2025-02-18 18:47:30.880 13654-13654 AppPreferences          com.example.screensaver              D  Getting string preference for key: transition_animation, default: fade
2025-02-18 18:47:30.880 13654-13654 AppPreferences          com.example.screensaver              D  Retrieved value: fade
2025-02-18 18:47:30.888 13654-24482 TrafficStats            com.example.screensaver              D  tagSocket(162) with statsTag=0xffffffff, statsUid=-1
2025-02-18 18:47:30.893 13654-24492 FA                      com.example.screensaver              I  Tag Manager is not found and thus will not be used
2025-02-18 18:47:30.902 13654-24507 TrafficStats            com.example.screensaver              D  tagSocket(163) with statsTag=0xffffffff, statsUid=-1
2025-02-18 18:47:30.910 13654-24509 CompatChangeReporter    com.example.screensaver              D  Compat change id reported: 253665015; UID 10865; state: ENABLED
2025-02-18 18:47:31.012 13654-13654 CompatChangeReporter    com.example.screensaver              D  Compat change id reported: 3400644; UID 10865; state: ENABLED
2025-02-18 18:47:31.014 13654-13654 ScreensaverApplication  com.example.screensaver              I  Application started: v1.0 (1)
2025-02-18 18:47:31.045 13654-13654 libc                    com.example.screensaver              W  Access denied finding property "ro.vendor.perf.scroll_opt"
2025-02-18 18:47:31.052 13654-13654 nativeloader            com.example.screensaver              D  Load libpowerhalwrap_jni.so using system ns (caller=/system_ext/framework/mediatek-framework.jar): ok
2025-02-18 18:47:31.052 13654-13654 PowerHalWrapper         com.example.screensaver              I  PowerHalWrapper.getInstance 
2025-02-18 18:47:31.053 13654-13654 M-ProMotion             com.example.screensaver              I  M-ProMotion is disabled
2025-02-18 18:47:31.057 13654-13654 UnionPowerNotifier      com.example.screensaver              D  check_union_power_ioctl -1
2025-02-18 18:47:31.058 13654-13654 BootReceiver            com.example.screensaver              D  Boot completed, initializing app state
2025-02-18 18:47:31.059 13654-13654 BootReceiver            com.example.screensaver              I  App state initialized successfully after boot
2025-02-18 18:47:31.076 13654-13654 PhotoSourceState        com.example.screensaver              D  Preview ended
2025-02-18 18:47:31.076 13654-13654 Screensave...ourceState com.example.screensaver              D  Screensaver ready state: false
2025-02-18 18:47:31.102 13654-24532 libc                    com.example.screensaver              W  Access denied finding property "vendor.migl.debug"
2025-02-18 18:47:31.102 13654-24532 libMiGL                 com.example.screensaver              I  EnableDR: 0
2025-02-18 18:47:31.108 13654-24532 libMEOW                 com.example.screensaver              D  meow new tls: 0xb400007a9138d120
2025-02-18 18:47:31.111 13654-24532 libMEOW                 com.example.screensaver              D  meow reload base cfg path: na
2025-02-18 18:47:31.111 13654-24532 libMEOW                 com.example.screensaver              D  meow reload overlay cfg path: na
2025-02-18 18:47:31.112 13654-13654 AppCompatDelegate       com.example.screensaver              D  Checking for metadata for AppLocalesMetadataHolderService : Service not found
2025-02-18 18:47:31.113 13654-24532 QT                      com.example.screensaver              W  qt_process_init() called
2025-02-18 18:47:31.113 13654-24532 QT                      com.example.screensaver              E  [QT]file does not exist
2025-02-18 18:47:31.113 13654-24532 QT                      com.example.screensaver              W  Support!!
2025-02-18 18:47:31.124 13654-24532 QT                      com.example.screensaver              E  [QT]file does not exist
2025-02-18 18:47:31.124 13654-24532 libMEOW                 com.example.screensaver              D  applied 1 plugins for [com.example.screensaver]:
2025-02-18 18:47:31.124 13654-24532 libMEOW                 com.example.screensaver              D    plugin 1: [libMEOW_gift.so]:
2025-02-18 18:47:31.132 13654-13654 LockScreenPhotoManager  com.example.screensaver              D  Loaded 2 items from cache
2025-02-18 18:47:31.132 13654-13654 LockScreenPhotoManager  com.example.screensaver              D  Initializing with previous photo state: true
2025-02-18 18:47:31.196 13654-13654 MainActivity            com.example.screensaver              D  Binding was null, reinitializing
2025-02-18 18:47:31.248 13654-13654 WebViewFactory          com.example.screensaver              I  Loading com.google.android.webview version 132.0.6834.163 (code 683416333)
2025-02-18 18:47:31.255 13654-13654 ziparchive              com.example.screensaver              W  Unable to open '/data/app/~~C7uw5H-Icwa1U5n3TSyEGg==/com.google.android.trichromelibrary_683416333-cVItAZGujQLJjXfVaxd8oA==/base.dm': No such file or directory
2025-02-18 18:47:31.255 13654-13654 ziparchive              com.example.screensaver              W  Unable to open '/data/app/~~C7uw5H-Icwa1U5n3TSyEGg==/com.google.android.trichromelibrary_683416333-cVItAZGujQLJjXfVaxd8oA==/base.dm': No such file or directory
2025-02-18 18:47:31.255 13654-13654 ple.screensaver         com.example.screensaver              W  Entry not found
2025-02-18 18:47:31.256 13654-13654 nativeloader            com.example.screensaver              D  Configuring clns-9 for other apk /data/app/~~C7uw5H-Icwa1U5n3TSyEGg==/com.google.android.trichromelibrary_683416333-cVItAZGujQLJjXfVaxd8oA==/base.apk. target_sdk_version=34, uses_libraries=ALL, library_path=/data/app/~~8iEE_0iI1qgL7znpM_JjzQ==/com.google.android.webview-5rDgVTTyWN7bs_ELm7xmVA==/lib/arm64:/data/app/~~8iEE_0iI1qgL7znpM_JjzQ==/com.google.android.webview-5rDgVTTyWN7bs_ELm7xmVA==/base.apk!/lib/arm64-v8a:/data/app/~~C7uw5H-Icwa1U5n3TSyEGg==/com.google.android.trichromelibrary_683416333-cVItAZGujQLJjXfVaxd8oA==/base.apk!/lib/arm64-v8a, permitted_path=/data:/mnt/expand
2025-02-18 18:47:31.256 13654-13654 nativeloader            com.example.screensaver              D  Extending system_exposed_libraries: libapuwareapusys.mtk.so:libapuwareapusys_v2.mtk.so:libapuwarexrp.mtk.so:libapuwarexrp_v2.mtk.so:libapuwareutils.mtk.so:libapuwareutils_v2.mtk.so:libapuwarehmp.mtk.so:libneuron_graph_delegate.mtk.so:libneuronusdk_adapter.mtk.so:libtflite_mtk.mtk.so:libarmnn_ndk.mtk.so:libcmdl_ndk.mtk.so:libnir_neon_driver_ndk.mtk.so:libmvpu_runtime.mtk.so:libmvpu_runtime_pub.mtk.so:libmvpu_engine_pub.mtk.so:libmvpu_pattern_pub.mtk.so:libmvpuop_mtk_cv.mtk.so:libmvpuop_mtk_nn.mtk.so:libmvpu_runtime_25.mtk.so:libmvpu_runtime_25_pub.mtk.so:libmvpu_engine_25_pub.mtk.so:libmvpu_pattern_25_pub.mtk.so:libmvpuop25_mtk_cv.mtk.so:libmvpuop25_mtk_nn.mtk.so:libmvpu_config.mtk.so:libteeservice_client.trustonic.so:libmisys_jni.xiaomi.so:libpag.hyperos.so:libffavc.hyperos.so
2025-02-18 18:47:31.257 13654-13654 ApplicationLoaders      com.example.screensaver              D  Returning zygote-cached class loader: /system_ext/framework/androidx.window.extensions.jar
2025-02-18 18:47:31.259 13654-13654 ple.screensaver         com.example.screensaver              W  Loading /data/app/~~8iEE_0iI1qgL7znpM_JjzQ==/com.google.android.webview-5rDgVTTyWN7bs_ELm7xmVA==/oat/arm64/base.odex non-executable as it requires an image which we failed to load
2025-02-18 18:47:31.260 13654-13654 nativeloader            com.example.screensaver              D  Configuring clns-10 for other apk /data/app/~~8iEE_0iI1qgL7znpM_JjzQ==/com.google.android.webview-5rDgVTTyWN7bs_ELm7xmVA==/base.apk. target_sdk_version=34, uses_libraries=, library_path=/data/app/~~8iEE_0iI1qgL7znpM_JjzQ==/com.google.android.webview-5rDgVTTyWN7bs_ELm7xmVA==/lib/arm64:/data/app/~~8iEE_0iI1qgL7znpM_JjzQ==/com.google.android.webview-5rDgVTTyWN7bs_ELm7xmVA==/base.apk!/lib/arm64-v8a:/data/app/~~C7uw5H-Icwa1U5n3TSyEGg==/com.google.android.trichromelibrary_683416333-cVItAZGujQLJjXfVaxd8oA==/base.apk!/lib/arm64-v8a, permitted_path=/data:/mnt/expand
2025-02-18 18:47:31.286 13654-13654 cr_WVCFactoryProvider   com.example.screensaver              I  version=132.0.6834.163 (683416333) minSdkVersion=29 isBundle=true multiprocess=true packageId=2
2025-02-18 18:47:31.296 13654-13654 nativeloader            com.example.screensaver              D  Load /data/app/~~C7uw5H-Icwa1U5n3TSyEGg==/com.google.android.trichromelibrary_683416333-cVItAZGujQLJjXfVaxd8oA==/base.apk!/lib/arm64-v8a/libmonochrome_64.so using ns clns-10 from class loader (caller=/data/app/~~8iEE_0iI1qgL7znpM_JjzQ==/com.google.android.webview-5rDgVTTyWN7bs_ELm7xmVA==/base.apk): ok
2025-02-18 18:47:31.300 13654-13654 nativeloader            com.example.screensaver              D  Load /system/lib64/libwebviewchromium_plat_support.so using ns clns-10 from class loader (caller=/data/app/~~8iEE_0iI1qgL7znpM_JjzQ==/com.google.android.webview-5rDgVTTyWN7bs_ELm7xmVA==/base.apk): ok
2025-02-18 18:47:31.321 13654-13654 cr_LibraryLoader        com.example.screensaver              I  Successfully loaded native library
2025-02-18 18:47:31.323 13654-13654 cr_CachingUmaRecorder   com.example.screensaver              I  Flushed 6 samples from 6 histograms, 0 samples were dropped.
2025-02-18 18:47:31.327 13654-13654 cr_CombinedPProvider    com.example.screensaver              I  #registerProvider() provider:WV.D8@86dc653 isPolicyCacheEnabled:false policyProvidersSize:0
2025-02-18 18:47:31.328 13654-13654 cr_PolicyProvider       com.example.screensaver              I  #setManagerAndSource() 0
2025-02-18 18:47:31.354 13654-13654 cr_CombinedPProvider    com.example.screensaver              I  #linkNativeInternal() 1
2025-02-18 18:47:31.355 13654-13654 cr_AppResProvider       com.example.screensaver              I  #getApplicationRestrictionsFromUserManager() Bundle[EMPTY_PARCEL]
2025-02-18 18:47:31.355 13654-13654 cr_PolicyProvider       com.example.screensaver              I  #notifySettingsAvailable() 0
2025-02-18 18:47:31.355 13654-13654 cr_CombinedPProvider    com.example.screensaver              I  #onSettingsAvailable() 0
2025-02-18 18:47:31.355 13654-13654 cr_CombinedPProvider    com.example.screensaver              I  #flushPolicies()
2025-02-18 18:47:31.506 13654-24507 SessionConfigFetcher    com.example.screensaver              D  Fetched settings: {"settings_version":3,"cache_duration":184179,"features":{"collect_logged_exceptions":true,"collect_reports":true,"collect_analytics":false,"prompt_enabled":false,"push_enabled":false,"firebase_crashlytics_enabled":false,"collect_anrs":true,"collect_metric_kit":false,"collect_build_ids":true},"app":{"status":"activated","update_required":false,"report_upload_variant":2,"native_report_upload_variant":2},"fabric":{"org_id":"67936fabcc3fe5668a6912ba","bundle_id":"com.example.screensaver"},"on_demand_upload_rate_per_minute":10,"on_demand_backoff_base":1.2,"on_demand_backoff_step_duration_seconds":60,"app_quality":{"sessions_enabled":true,"sampling_rate":1,"session_timeout_seconds":1800},"on_demand_thread_recording_suspension_enabled":true}
2025-02-18 18:47:31.538 13654-24500 LifecycleServiceBinder  com.example.screensaver              D  Binding service to application.
2025-02-18 18:47:31.583 13654-13654 ple.screensaver         com.example.screensaver              W  Accessing hidden method Landroid/view/View;->computeFitSystemWindows(Landroid/graphics/Rect;Landroid/graphics/Rect;)Z (unsupported, reflection, allowed)
2025-02-18 18:47:31.602 13654-24479 FirebaseCrashlytics     com.example.screensaver              I  No version control information found
2025-02-18 18:47:31.646 13654-13654 ScrollerOp...ionManager com.example.screensaver              D  registerConfigChangedListener
2025-02-18 18:47:31.646 13654-13654 SplineOverScroller      com.example.screensaver              D  dynamic params is false
2025-02-18 18:47:31.657 13654-13654 ple.screensaver         com.example.screensaver              W  Accessing hidden method Landroid/view/ViewGroup;->makeOptionalFitsSystemWindows()V (unsupported, reflection, allowed)
2025-02-18 18:47:31.661 13654-13654 AppAuthManager          com.example.screensaver              D  Resetting authentication state
2025-02-18 18:47:31.661 13654-13654 MainActivity            com.example.screensaver              D  Security state completely cleared
2025-02-18 18:47:31.661 13654-13654 MainActivity            com.example.screensaver              D  Starting widget system initialization
2025-02-18 18:47:31.661 13654-13654 MainActivity            com.example.screensaver              D  Setting up first launch UI - isFirstLaunch: false
2025-02-18 18:47:31.661 13654-13654 MainActivity            com.example.screensaver              D  Not first launch - normal UI setup complete
2025-02-18 18:47:31.662 13654-13654 MainActivity            com.example.screensaver              D  Navigation destination changed to: 2131362111
2025-02-18 18:47:31.662 13654-13654 MainActivity            com.example.screensaver              D  Returned to main fragment, updating widgets
2025-02-18 18:47:31.662 13654-13654 MainActivity            com.example.screensaver              D  Setting up touch listeners
2025-02-18 18:47:31.662 13654-13654 MainActivity            com.example.screensaver              D  Initializing photo display manager
2025-02-18 18:47:31.662 13654-13654 PhotoDisplayManager     com.example.screensaver              D  Initializing PhotoDisplayManager
2025-02-18 18:47:31.662 13654-13654 PhotoDisplayManager     com.example.screensaver              D  Updating settings
2025-02-18 18:47:31.666 13654-24493 LockScreenPhotoManager  com.example.screensaver              D  Loaded 2 photos
2025-02-18 18:47:31.666 13654-24493 LockScreenPhotoManager  com.example.screensaver              D  Getting photo count from lock screen PhotoManager: 2
2025-02-18 18:47:31.666 13654-24493 LockScreenPhotoManager  com.example.screensaver              D  Getting photo URL for index 0: content://media/picker/0/com.android.providers.media.photopicker/media/1000101677
2025-02-18 18:47:31.667 13654-24494 LockScreenPhotoManager  com.example.screensaver              D  Loaded 2 photos
2025-02-18 18:47:31.667 13654-24494 LockScreenPhotoManager  com.example.screensaver              D  Getting photo count from lock screen PhotoManager: 2
2025-02-18 18:47:31.667 13654-24494 LockScreenPhotoManager  com.example.screensaver              D  Getting photo URL for index 0: content://media/picker/0/com.android.providers.media.photopicker/media/1000101677
2025-02-18 18:47:31.667 13654-13654 Activity                com.example.screensaver              W  PerfMonitor: Slow Operation: Activity com.example.screensaver/.MainActivity onCreate took 549ms
2025-02-18 18:47:31.675 13654-24633 libMEOW                 com.example.screensaver              D  meow new tls: 0xb400007a9141d1b0
2025-02-18 18:47:31.675 13654-24633 libMEOW                 com.example.screensaver              D  applied 1 plugins for [com.example.screensaver]:
2025-02-18 18:47:31.675 13654-24633 libMEOW                 com.example.screensaver              D    plugin 1: [libMEOW_gift.so]:
2025-02-18 18:47:31.676 13654-24591 cr_media                com.example.screensaver              W  BLUETOOTH_CONNECT permission is missing.
2025-02-18 18:47:31.676 13654-24591 cr_media                com.example.screensaver              W  getBluetoothAdapter() requires BLUETOOTH permission
2025-02-18 18:47:31.676 13654-24591 cr_media                com.example.screensaver              W  registerBluetoothIntentsIfNeeded: Requires BLUETOOTH permission
2025-02-18 18:47:31.716 13654-24633 chromium                com.example.screensaver              W  [WARNING:viz_main_impl.cc(85)] VizNullHypothesis is disabled (not a warning)
2025-02-18 18:47:31.723 13654-24501 SessionLifecycleClient  com.example.screensaver              D  Data Collection is disabled for all subscribers. Skipping this Event
2025-02-18 18:47:31.732 13654-13654 SecurityManager         com.example.screensaver              D  checkAccessControl flag0
2025-02-18 18:47:31.734 13654-13654 LockScreenPhotoManager  com.example.screensaver              D  Getting photo count from lock screen PhotoManager: 2
2025-02-18 18:47:31.735 13654-13654 PhotoDisplayManager     com.example.screensaver              D  Starting photo display with interval: 5000ms
2025-02-18 18:47:31.735 13654-13654 PhotoDisplayManager     com.example.screensaver              D  Hiding loading overlay
2025-02-18 18:47:31.736 13654-13654 LockScreenPhotoManager  com.example.screensaver              D  Getting photo count from lock screen PhotoManager: 2
2025-02-18 18:47:31.736 13654-13654 LockScreenPhotoManager  com.example.screensaver              D  Getting photo URL for index 1: content://media/picker/0/com.android.providers.media.photopicker/media/1000101723
2025-02-18 18:47:31.736 13654-13654 PhotoDisplayManager     com.example.screensaver              D  Loading photo 1: content://media/picker/0/com.android.providers.media.photopicker/media/1000101723
2025-02-18 18:47:31.743 13654-24529 PowerHalWrapper         com.example.screensaver              I  PowerHalWrapper.getInstance 
2025-02-18 18:47:31.763 13654-13654 SurfaceFactory          com.example.screensaver              I  [static] sSurfaceFactory = com.mediatek.view.impl.SurfaceFactoryImpl@11b7735
2025-02-18 18:47:31.792 13654-13654 VRI[MainActivity]       com.example.screensaver              D  hardware acceleration = true, forceHwAccelerated = false
2025-02-18 18:47:31.795 13654-13654 VRI[MainActivity]       com.example.screensaver              D  WindowLayout in setView:{(0,0)(fillxfill) sim={adjust=resize forwardNavigation} layoutInDisplayCutoutMode=shortEdges disableCutout=false ty=BASE_APPLICATION wanim=0x1030309
                                                                                                      fl=SECURE LAYOUT_INSET_DECOR SPLIT_TOUCH HARDWARE_ACCELERATED DRAWS_SYSTEM_BAR_BACKGROUNDS
                                                                                                      pfl=NO_MOVE_ANIMATION FORCE_DRAW_STATUS_BAR_BACKGROUND FIT_INSETS_CONTROLLED
                                                                                                      bhv=DEFAULT
                                                                                                      fitSides=
                                                                                                      frameRateBoostOnTouch=true
                                                                                                      dvrrWindowFrameRateHint=true},mView = DecorView@24057ed[MainActivity],compatibilityInfo = {480dpi always-compat}, this = android.view.ViewRootImpl@7c734a3
2025-02-18 18:47:31.799 13654-13654 MiuiMultiWindowUtils    com.example.screensaver              D  freeform resolution args raw data:{  "wide_default":{    "freeform_args": {        "vertical_portrait":{"aspect_ratio":0.626, "original_ratio":0.5643,"original_scale":0.74,"top_margin":0.168,"left_margin":0.484},        "horizontal_portrait":{"aspect_ratio":0.626, "original_ratio":0.5643,"original_scale":0.74,"top_margin":0.1222,"left_margin":0.59745},        "vertical_landscape":{"aspect_ratio":1.6, "original_ratio":1,"original_scale":0.604,"top_margin":0.2596,"left_margin":0.2624},        "horizontal_landscape":{"aspect_ratio":1.6, "original_ratio":1,"original_scale":0.604,"top_margin":0.213,"left_margin":0.3758}    },    "mini_freeform_args":{        "vertical_portrait":{"original_ratio":0.147},        "horizontal_portrait":{"original_ratio":0.147},        "vertical_landscape":{"original_ratio":0.165},        "horizontal_landscape":{"original_ratio":0.165}    }  },  "narrow_default": {    "freeform_args": {        "vertical_portrait":{"aspect_ratio":0.626, "original_ratio":1,"original_scale":0.74,"top_margin":0.0753,"left_margin":-1},        "horizontal_portrait":{"aspect_ratio":0.626, "original_ratio":1,"original_scale":0.5756,"top_margin":-1,"left_margin":0.0753},        "vertical_landscape":{"aspect_ratio":1.6, "original_ratio":0.6847,"original_scale":0.587,"top_margin":0.0753,"left_margin":-1},        "horizontal_landscape":{"aspect_ratio":1.6, "original_ratio":0.6847,"original_scale":0.587,"top_margin":-1,"left_margin":0.0753}    },    "mini_freeform_args":{        "vertical_portrait":{"original_ratio":0.26},        "horizontal_portrait":{"original_ratio":0.26},        "vertical_landscape":{"original_ratio":0.293},        "horizontal_landscape":{"original_ratio":0.293}    }  },  "regular_default": {    "freeform_args": {      "vertical_portrait":{"aspect_ratio":0.625, "original_ratio":1,"original_scale":0.7,"top_margin":0.109,"left_margin":-1},      "horizontal_portrait":{"aspect_ratio":0.6667, "original_ratio":1,"original_scale":0.6102,"top_margin":-1,"left_margin":0.026},      "vertical_landscape":{"aspect_ratio":1.6, "original_ratio":1,"original_scale":0.4244,"top_margin":0.109,"left_margin":-1},      "horizontal_landscape":{"aspect_ratio":1.6, "original_ratio":1,"original_scale":0.4244,"top_margin":-1,"left_margin":0.026}    },    "mini_freeform_args":{      "vertical_portrait":{"original_ratio":0.25},      "horizontal_portrait":{"original_ratio":0.25},      "vertical_landscape":{"original_ratio":0.25},      "horizontal_landscape":{"original_ratio":0.25}    }  },  "pad_default": {    "freeform_args": {      "vertical_portrait":{"aspect_ratio":0.5625, "original_ratio":0.375,"original_scale":0.835,"top_margin":0.049,"left_margin":0.2775},      "horizontal_portrait":{"aspect_ratio":0.5625, "original_ratio":0.375,"original_scale":0.835,"top_margin":-1,"left_margin":0.6525},      "vertical_landscape":{"aspect_ratio":-1, "original_ratio":1,"original_scale":0.468,"top_margin":0.049,"left_margin":-1},      "horizontal_landscape":{"aspect_ratio":-1, "original_ratio":1,"original_scale":0.468,"top_margin":-1,"left_margin":0.4976}    },    "mini_freeform_args":{      "vertical_portrait":{"original_ratio":0.144},      "horizontal_portrait":{"original_ratio":0.144},      "vertical_landscape":{"original_ratio":0.2},      "horizontal_landscape":{"original_ratio":0.2}    }  }}
2025-02-18 18:47:31.801 13654-13654 MiuiMultiWindowUtils    com.example.screensaver              D  initFreeFormResolutionArgs failed, device is corot
2025-02-18 18:47:31.801 13654-13654 IS_CTS_MODE             com.example.screensaver              D  false
2025-02-18 18:47:31.801 13654-13654 MULTI_WIND...CH_ENABLED com.example.screensaver              D  false
2025-02-18 18:47:31.817 13654-13654 InputEventReceiver      com.example.screensaver              D  Input log is disabled in InputEventReceiver.
2025-02-18 18:47:31.851 13654-24647 CameraManagerGlobal     com.example.screensaver              I  Connecting to camera service
2025-02-18 18:47:31.860 13654-13654 ChargingReceiver        com.example.screensaver              I  Received action: android.intent.action.BOOT_COMPLETED
2025-02-18 18:47:31.867 13654-24647 CameraExtStub           com.example.screensaver              D  init android.hardware.camera2.impl.CameraExtImplXiaoMi
2025-02-18 18:47:31.868 13654-24647 CameraInjector          com.example.screensaver              D  waitForResult: 
2025-02-18 18:47:31.868 13654-13654 ChargingReceiver        com.example.screensaver              I  Receiver triggered:
                                                                                                    Action: android.intent.action.BOOT_COMPLETED
                                                                                                    Start on charge enabled: false
                                                                                                    All preferences: {screensaver_enabled=true, google_photos_enabled=true, remove_security_on_minimize=false, photo_source_selection=[google_photos], last_installed_version=1, start_on_charge=false, debug_logging=false, screensaver_delay=5, photo_interval=5, display_mode_selection=dream_service, last_preview_timestamp=0, first_install_time=1739462543531, transition_effect=fade, orientation=auto, security_enabled=false, transition_duration=2, cache_size=10, keep_screen_on=false, schedule_enabled=false, preview_count=0, auth_method=passcode, brightness=50, random_order=true, photo_scale=fill, first_launch=false, allow_biometric=false}
                                                                                                    System time: 1739897251860
2025-02-18 18:47:31.868 13654-13654 ChargingReceiver        com.example.screensaver              I  Start on charge is disabled, ignoring event
2025-02-18 18:47:31.870 13654-24676 CameraInjector          com.example.screensaver              D  updateCloudCameraControllerInfoAsync: E
2025-02-18 18:47:31.874 13654-24493 AppDataManager          com.example.screensaver              D  Initial state validation completed
2025-02-18 18:47:31.888 13654-13654 SessionLifecycleService com.example.screensaver              D  Service bound to new client on process 13654
2025-02-18 18:47:31.894 13654-13654 PhotoLockScreenService  com.example.screensaver              D  Service created
2025-02-18 18:47:31.896 13654-24691 SessionLifecycleService com.example.screensaver              D  App has not yet foregrounded. Using previously stored session: null
2025-02-18 18:47:31.896 13654-24691 SessionLifecycleService com.example.screensaver              D  Client android.os.Messenger@71a2cc9 bound at 128966858. Clients: 1
2025-02-18 18:47:31.907 13654-13654 PhotoLockScreenService  com.example.screensaver              D  Screen receiver registered
